**
(Day4_슬라이드.tex
LaTeX2e <2021-11-15> patch level 1
L3 programming layer <2022-02-24> (beamer.cls
Document Class: beamer 2022/02/08 v3.66 A class for typesetting presentations
(beamerbasemodes.sty (etoolbox.sty
Package: etoolbox 2020/10/05 v2.5k e-TeX tools for LaTeX (JAW)
\etb@tempcnta=\count181
)
\beamer@tempbox=\box50
\beamer@tempcount=\count182
\c@beamerpauses=\count183
 (beamerbasedecode.sty
\beamer@slideinframe=\count184
\beamer@minimum=\count185
\beamer@decode@box=\box51
)
\beamer@commentbox=\box52
\beamer@modecount=\count186
) (iftex.sty
Package: iftex 2022/02/03 v1.0f TeX engine tests
)
\headdp=\dimen138
\footheight=\dimen139
\sidebarheight=\dimen140
\beamer@tempdim=\dimen141
\beamer@finalheight=\dimen142
\beamer@animht=\dimen143
\beamer@animdp=\dimen144
\beamer@animwd=\dimen145
\beamer@leftmargin=\dimen146
\beamer@rightmargin=\dimen147
\beamer@leftsidebar=\dimen148
\beamer@rightsidebar=\dimen149
\beamer@boxsize=\dimen150
\beamer@vboxoffset=\dimen151
\beamer@descdefault=\dimen152
\beamer@descriptionwidth=\dimen153
\beamer@lastskip=\skip47
\beamer@areabox=\box53
\beamer@animcurrent=\box54
\beamer@animshowbox=\box55
\beamer@sectionbox=\box56
\beamer@logobox=\box57
\beamer@linebox=\box58
\beamer@sectioncount=\count187
\beamer@subsubsectionmax=\count188
\beamer@subsectionmax=\count189
\beamer@sectionmax=\count190
\beamer@totalheads=\count191
\beamer@headcounter=\count192
\beamer@partstartpage=\count193
\beamer@sectionstartpage=\count194
\beamer@subsectionstartpage=\count195
\beamer@animationtempa=\count196
\beamer@animationtempb=\count197
\beamer@xpos=\count198
\beamer@ypos=\count199
\beamer@ypos@offset=\count266
\beamer@showpartnumber=\count267
\beamer@currentsubsection=\count268
\beamer@coveringdepth=\count269
\beamer@sectionadjust=\count270
\beamer@toclastsection=\count271
\beamer@tocsectionnumber=\count272

(beamerbaseoptions.sty (keyval.sty
Package: keyval 2014/10/28 v1.15 key=value parser (DPC)
\KV@toks@=\toks16
))
\beamer@paperwidth=\skip48
\beamer@paperheight=\skip49
 (geometry.sty
Package: geometry 2020/01/02 v5.9 Page Geometry
 (ifvtex.sty
Package: ifvtex 2019/10/25 v1.7 ifvtex legacy package. Use iftex instead.
)
\Gm@cnth=\count273
\Gm@cntv=\count274
\c@Gm@tempcnt=\count275
\Gm@bindingoffset=\dimen154
\Gm@wd@mp=\dimen155
\Gm@odd@mp=\dimen156
\Gm@even@mp=\dimen157
\Gm@layoutwidth=\dimen158
\Gm@layoutheight=\dimen159
\Gm@layouthoffset=\dimen160
\Gm@layoutvoffset=\dimen161
\Gm@dimlist=\toks17
) (pgfmath.sty
(pgfrcs.sty (pgfutil-common.tex
\pgfutil@everybye=\toks18
\pgfutil@tempdima=\dimen162
\pgfutil@tempdimb=\dimen163
 (pgfutil-common-lists.tex)) (pgfutil-latex.def
\pgfutil@abb=\box59
) (pgfrcs.code.tex (pgf.revision.tex)
Package: pgfrcs 2021/05/15 v3.1.9a (3.1.9a)
)) (pgfkeys.sty (pgfkeys.code.tex
\pgfkeys@pathtoks=\toks19
\pgfkeys@temptoks=\toks20

(pgfkeysfiltered.code.tex
\pgfkeys@tmptoks=\toks21
))) (pgfmath.code.tex (pgfmathcalc.code.tex
(pgfmathutil.code.tex
\pgf@x=\dimen164
\pgf@xa=\dimen165
\pgf@xb=\dimen166
\pgf@xc=\dimen167
\pgf@y=\dimen168
\pgf@ya=\dimen169
\pgf@yb=\dimen170
\pgf@yc=\dimen171
\c@pgf@counta=\count276
\c@pgf@countb=\count277
\c@pgf@countc=\count278
\c@pgf@countd=\count279
) (pgfmathparser.code.tex
\pgfmath@dimen=\dimen172
\pgfmath@count=\count280
\pgfmath@box=\box60
\pgfmath@toks=\toks22
\pgfmath@stack@operand=\toks23
\pgfmath@stack@operation=\toks24
) (pgfmathfunctions.code.tex
(pgfmathfunctions.basic.code.tex) (pgfmathfunctions.trigonometric.code.tex)
(pgfmathfunctions.random.code.tex) (pgfmathfunctions.comparison.code.tex)
(pgfmathfunctions.base.code.tex) (pgfmathfunctions.round.code.tex)
(pgfmathfunctions.misc.code.tex) (pgfmathfunctions.integerarithmetics.code.tex)
)) (pgfmathfloat.code.tex
\c@pgfmathroundto@lastzeros=\count281
))) (size11.clo
File: size11.clo 2021/10/04 v1.4n Standard LaTeX file (size option)
) (pgfcore.sty (graphicx.sty
Package: graphicx 2021/09/16 v1.2d Enhanced LaTeX Graphics (DPC,SPQR)

(graphics.sty
Package: graphics 2021/03/04 v1.4d Standard LaTeX Graphics (DPC,SPQR)
 (trig.sty
Package: trig 2021/08/11 v1.11 sin cos tan (DPC)
) (graphics.cfg
File: graphics.cfg 2016/06/04 v1.11 sample graphics configuration
)
Package graphics Info: Driver file: xetex.def on input line 107.
 (xetex.def
File: xetex.def 2021/03/18 v5.0k Graphics/color driver for xetex
))
\Gin@req@height=\dimen173
\Gin@req@width=\dimen174
) (pgfsys.sty
(pgfsys.code.tex
Package: pgfsys 2021/05/15 v3.1.9a (3.1.9a)
 (pgfkeys.code.tex)
\pgf@x=\dimen175
\pgf@y=\dimen176
\pgf@xa=\dimen177
\pgf@ya=\dimen178
\pgf@xb=\dimen179
\pgf@yb=\dimen180
\pgf@xc=\dimen181
\pgf@yc=\dimen182
\pgf@xd=\dimen183
\pgf@yd=\dimen184
\w@pgf@writea=\write3
\r@pgf@reada=\read2
\c@pgf@counta=\count282
\c@pgf@countb=\count283
\c@pgf@countc=\count284
\c@pgf@countd=\count285
\t@pgf@toka=\toks25
\t@pgf@tokb=\toks26
\t@pgf@tokc=\toks27
\pgf@sys@id@count=\count286
 (pgf.cfg
File: pgf.cfg 2021/05/15 v3.1.9a (3.1.9a)
)
Driver file for pgf: pgfsys-xetex.def
 (pgfsys-xetex.def
File: pgfsys-xetex.def 2021/05/15 v3.1.9a (3.1.9a)

(pgfsys-dvipdfmx.def
File: pgfsys-dvipdfmx.def 2021/05/15 v3.1.9a (3.1.9a)
 (pgfsys-common-pdf.def
File: pgfsys-common-pdf.def 2021/05/15 v3.1.9a (3.1.9a)
)
\pgfsys@objnum=\count287
))) (pgfsyssoftpath.code.tex
File: pgfsyssoftpath.code.tex 2021/05/15 v3.1.9a (3.1.9a)
\pgfsyssoftpath@smallbuffer@items=\count288
\pgfsyssoftpath@bigbuffer@items=\count289
)
(pgfsysprotocol.code.tex
File: pgfsysprotocol.code.tex 2021/05/15 v3.1.9a (3.1.9a)
)) (xcolor.sty
Package: xcolor 2021/10/31 v2.13 LaTeX color extensions (UK)
 (color.cfg
File: color.cfg 2016/01/02 v1.6 sample color configuration
)
Package xcolor Info: Driver file: xetex.def on input line 227.
Package xcolor Info: Model `cmy' substituted by `cmy0' on input line 1352.
Package xcolor Info: Model `RGB' extended on input line 1368.
Package xcolor Info: Model `HTML' substituted by `rgb' on input line 1370.
Package xcolor Info: Model `Hsb' substituted by `hsb' on input line 1371.
Package xcolor Info: Model `tHsb' substituted by `hsb' on input line 1372.
Package xcolor Info: Model `HSB' substituted by `hsb' on input line 1373.
Package xcolor Info: Model `Gray' substituted by `gray' on input line 1374.
Package xcolor Info: Model `wave' substituted by `hsb' on input line 1375.
) (pgfcore.code.tex
Package: pgfcore 2021/05/15 v3.1.9a (3.1.9a)

(pgfmath.code.tex) (pgfint.code.tex) (pgfcorepoints.code.tex
File: pgfcorepoints.code.tex 2021/05/15 v3.1.9a (3.1.9a)
\pgf@picminx=\dimen185
\pgf@picmaxx=\dimen186
\pgf@picminy=\dimen187
\pgf@picmaxy=\dimen188
\pgf@pathminx=\dimen189
\pgf@pathmaxx=\dimen190
\pgf@pathminy=\dimen191
\pgf@pathmaxy=\dimen192
\pgf@xx=\dimen193
\pgf@xy=\dimen194
\pgf@yx=\dimen195
\pgf@yy=\dimen196
\pgf@zx=\dimen197
\pgf@zy=\dimen198
)
(pgfcorepathconstruct.code.tex
File: pgfcorepathconstruct.code.tex 2021/05/15 v3.1.9a (3.1.9a)
\pgf@path@lastx=\dimen199
\pgf@path@lasty=\dimen256
) (pgfcorepathusage.code.tex
File: pgfcorepathusage.code.tex 2021/05/15 v3.1.9a (3.1.9a)
\pgf@shorten@end@additional=\dimen257
\pgf@shorten@start@additional=\dimen258
)
(pgfcorescopes.code.tex
File: pgfcorescopes.code.tex 2021/05/15 v3.1.9a (3.1.9a)
\pgfpic=\box61
\pgf@hbox=\box62
\pgf@layerbox@main=\box63
\pgf@picture@serial@count=\count290
) (pgfcoregraphicstate.code.tex
File: pgfcoregraphicstate.code.tex 2021/05/15 v3.1.9a (3.1.9a)
\pgflinewidth=\dimen259
)
(pgfcoretransformations.code.tex
File: pgfcoretransformations.code.tex 2021/05/15 v3.1.9a (3.1.9a)
\pgf@pt@x=\dimen260
\pgf@pt@y=\dimen261
\pgf@pt@temp=\dimen262
) (pgfcorequick.code.tex
File: pgfcorequick.code.tex 2021/05/15 v3.1.9a (3.1.9a)
)
(pgfcoreobjects.code.tex
File: pgfcoreobjects.code.tex 2021/05/15 v3.1.9a (3.1.9a)
) (pgfcorepathprocessing.code.tex
File: pgfcorepathprocessing.code.tex 2021/05/15 v3.1.9a (3.1.9a)
)
(pgfcorearrows.code.tex
File: pgfcorearrows.code.tex 2021/05/15 v3.1.9a (3.1.9a)
\pgfarrowsep=\dimen263
) (pgfcoreshade.code.tex
File: pgfcoreshade.code.tex 2021/05/15 v3.1.9a (3.1.9a)
\pgf@max=\dimen264
\pgf@sys@shading@range@num=\count291
\pgf@shadingcount=\count292
) (pgfcoreimage.code.tex
File: pgfcoreimage.code.tex 2021/05/15 v3.1.9a (3.1.9a)

(pgfcoreexternal.code.tex
File: pgfcoreexternal.code.tex 2021/05/15 v3.1.9a (3.1.9a)
\pgfexternal@startupbox=\box64
)) (pgfcorelayers.code.tex
File: pgfcorelayers.code.tex 2021/05/15 v3.1.9a (3.1.9a)
)
(pgfcoretransparency.code.tex
File: pgfcoretransparency.code.tex 2021/05/15 v3.1.9a (3.1.9a)
) (pgfcorepatterns.code.tex
File: pgfcorepatterns.code.tex 2021/05/15 v3.1.9a (3.1.9a)
) (pgfcorerdf.code.tex
File: pgfcorerdf.code.tex 2021/05/15 v3.1.9a (3.1.9a)
))) (xxcolor.sty
Package: xxcolor 2003/10/24 ver 0.1
\XC@nummixins=\count293
\XC@countmixins=\count294
) (atbegshi-ltx.sty
Package: atbegshi-ltx 2021/01/10 v1.0c Emulation of the original atbegshi
package with kernel methods
) (hyperref.sty
Package: hyperref 2022-02-21 v7.00n Hypertext links for LaTeX
 (ltxcmds.sty
Package: ltxcmds 2020-05-10 v1.25 LaTeX kernel commands for general use (HO)
) (pdftexcmds.sty
Package: pdftexcmds 2020-06-27 v0.33 Utility functions of pdfTeX for LuaTeX (HO
)
(infwarerr.sty
Package: infwarerr 2019/12/03 v1.5 Providing info/warning/error messages (HO)
)
Package pdftexcmds Info: \pdf@primitive is available.
Package pdftexcmds Info: \pdf@ifprimitive is available.
Package pdftexcmds Info: \pdfdraftmode not found.
) (kvsetkeys.sty
Package: kvsetkeys 2019/12/15 v1.18 Key value parser (HO)
) (kvdefinekeys.sty
Package: kvdefinekeys 2019-12-19 v1.6 Define keys (HO)
) (pdfescape.sty
Package: pdfescape 2019/12/09 v1.15 Implements pdfTeX's escape features (HO)
)
(hycolor.sty
Package: hycolor 2020-01-27 v1.10 Color options for hyperref/bookmark (HO)
) (letltxmacro.sty
Package: letltxmacro 2019/12/03 v1.6 Let assignment for LaTeX macros (HO)
) (auxhook.sty
Package: auxhook 2019-12-17 v1.6 Hooks for auxiliary files (HO)
) (kvoptions.sty
Package: kvoptions 2020-10-07 v3.14 Key value format for package options (HO)
)
\@linkdim=\dimen265
\Hy@linkcounter=\count295
\Hy@pagecounter=\count296
 (pd1enc.def
File: pd1enc.def 2022-02-21 v7.00n Hyperref: PDFDocEncoding definition (HO)
)
(intcalc.sty
Package: intcalc 2019/12/15 v1.3 Expandable calculations with integers (HO)
) (etexcmds.sty
Package: etexcmds 2019/12/15 v1.7 Avoid name clashes with e-TeX commands (HO)
)
\Hy@SavedSpaceFactor=\count297
 (puenc.def
File: puenc.def 2022-02-21 v7.00n Hyperref: PDF Unicode definition (HO)
)
Package hyperref Info: Option `bookmarks' set `true' on input line 4018.
Package hyperref Info: Option `bookmarksopen' set `true' on input line 4018.
Package hyperref Info: Option `implicit' set `false' on input line 4018.
Package hyperref Info: Hyper figures OFF on input line 4137.
Package hyperref Info: Link nesting OFF on input line 4142.
Package hyperref Info: Hyper index ON on input line 4145.
Package hyperref Info: Plain pages OFF on input line 4152.
Package hyperref Info: Backreferencing OFF on input line 4157.
Package hyperref Info: Implicit mode OFF; no redefinition of LaTeX internals.
Package hyperref Info: Bookmarks ON on input line 4390.
\c@Hy@tempcnt=\count298
 (url.sty
\Urlmuskip=\muskip16
Package: url 2013/09/16  ver 3.4  Verb mode for urls, etc.
)
LaTeX Info: Redefining \url on input line 4749.
\XeTeXLinkMargin=\dimen266
 (bitset.sty
Package: bitset 2019/12/09 v1.3 Handle bit-vector datatype (HO)
 (bigintcalc.sty
Package: bigintcalc 2019/12/15 v1.5 Expandable calculations on big integers (HO
)
))
\Fld@menulength=\count299
\Field@Width=\dimen267
\Fld@charsize=\dimen268
Package hyperref Info: Hyper figures OFF on input line 6027.
Package hyperref Info: Link nesting OFF on input line 6032.
Package hyperref Info: Hyper index ON on input line 6035.
Package hyperref Info: backreferencing OFF on input line 6042.
Package hyperref Info: Link coloring OFF on input line 6047.
Package hyperref Info: Link coloring with OCG OFF on input line 6052.
Package hyperref Info: PDF/A mode OFF on input line 6057.
LaTeX Info: Redefining \ref on input line 6097.
LaTeX Info: Redefining \pageref on input line 6101.
\Hy@abspage=\count300


Package hyperref Message: Stopped early.

)
Package hyperref Info: Driver (autodetected): hxetex.
 (hxetex.def
File: hxetex.def 2022-02-21 v7.00n Hyperref driver for XeTeX
 (stringenc.sty
Package: stringenc 2019/11/29 v1.12 Convert strings between diff. encodings (HO
)
)
\pdfm@box=\box65
\c@Hy@AnnotLevel=\count301
\HyField@AnnotCount=\count302
\Fld@listcount=\count303
\c@bookmark@seq@number=\count304
 (rerunfilecheck.sty
Package: rerunfilecheck 2019/12/05 v1.9 Rerun checks for auxiliary files (HO)
 (atveryend-ltx.sty
Package: atveryend-ltx 2020/08/19 v1.0a Emulation of the original atveryend pac
kage
with kernel methods
)
(uniquecounter.sty
Package: uniquecounter 2019/12/15 v1.4 Provide unlimited unique counter (HO)
)
Package uniquecounter Info: New unique counter `rerunfilecheck' on input line 2
86.
)) (beamerbaserequires.sty (beamerbasecompatibility.sty)
(beamerbasefont.sty (amssymb.sty
Package: amssymb 2013/01/14 v3.01 AMS font symbols
 (amsfonts.sty
Package: amsfonts 2013/01/14 v3.01 Basic AMSFonts support
\@emptytoks=\toks28
\symAMSa=\mathgroup4
\symAMSb=\mathgroup5
LaTeX Font Info:    Redeclaring math symbol \hbar on input line 98.
LaTeX Font Info:    Overwriting math alphabet `\mathfrak' in version `bold'
(Font)                  U/euf/m/n --> U/euf/b/n on input line 106.
)) (sansmathaccent.sty
Package: sansmathaccent 2020/01/31

(scrlfile.sty
Package: scrlfile 2021/11/13 v3.35 KOMA-Script package (file load hooks)
 (scrlfile-hook.sty
Package: scrlfile-hook 2021/11/13 v3.35 KOMA-Script package (using LaTeX hooks)

 (scrlogo.sty
Package: scrlogo 2021/11/13 v3.35 KOMA-Script package (logo)
))))) (beamerbasetranslator.sty
(translator.sty
Package: translator 2021-05-31 v1.12d Easy translation of strings in LaTeX
)) (beamerbasemisc.sty) (beamerbasetwoscreens.sty)
(beamerbaseoverlay.sty
\beamer@argscount=\count305
\beamer@lastskipcover=\skip50
\beamer@trivlistdepth=\count306
) (beamerbasetitle.sty) (beamerbasesection.sty
\c@lecture=\count307
\c@part=\count308
\c@section=\count309
\c@subsection=\count310
\c@subsubsection=\count311
)
(beamerbaseframe.sty
\beamer@framebox=\box66
\beamer@frametitlebox=\box67
\beamer@zoombox=\box68
\beamer@zoomcount=\count312
\beamer@zoomframecount=\count313
\beamer@frametextheight=\dimen269
\c@subsectionslide=\count314
\beamer@frametopskip=\skip51
\beamer@framebottomskip=\skip52
\beamer@frametopskipautobreak=\skip53
\beamer@framebottomskipautobreak=\skip54
\beamer@envbody=\toks29
\framewidth=\dimen270
\c@framenumber=\count315
) (beamerbaseverbatim.sty
\beamer@verbatimfileout=\write4
) (beamerbaseframesize.sty
\beamer@splitbox=\box69
\beamer@autobreakcount=\count316
\beamer@autobreaklastheight=\dimen271
\beamer@frametitletoks=\toks30
\beamer@framesubtitletoks=\toks31
)
(beamerbaseframecomponents.sty
\beamer@footins=\box70
) (beamerbasecolor.sty) (beamerbasenotes.sty
\beamer@frameboxcopy=\box71
)
(beamerbasetoc.sty) (beamerbasetemplates.sty
\beamer@sbttoks=\toks32
 (beamerbaseauxtemplates.sty
(beamerbaseboxes.sty
\bmb@box=\box72
\bmb@colorbox=\box73
\bmb@boxwidth=\dimen272
\bmb@boxheight=\dimen273
\bmb@prevheight=\dimen274
\bmb@temp=\dimen275
\bmb@dima=\dimen276
\bmb@dimb=\dimen277
\bmb@prevheight=\dimen278
)
\beamer@blockheadheight=\dimen279
)) (beamerbaselocalstructure.sty (enumerate.sty
Package: enumerate 2015/07/23 v3.00 enumerate extensions (DPC)
\@enLab=\toks33
)
\beamer@bibiconwidth=\skip55
\c@figure=\count317
\c@table=\count318
\abovecaptionskip=\skip56
\belowcaptionskip=\skip57
)
(beamerbasenavigation.sty
\beamer@section@min@dim=\dimen280
) (beamerbasetheorems.sty (amsmath.sty
Package: amsmath 2021/10/15 v2.17l AMS math features
\@mathmargin=\skip58

For additional information on amsmath, use the `?' option.
(amstext.sty
Package: amstext 2021/08/26 v2.01 AMS text
 (amsgen.sty
File: amsgen.sty 1999/11/30 v2.0 generic functions
\@emptytoks=\toks34
\ex@=\dimen281
)) (amsbsy.sty
Package: amsbsy 1999/11/29 v1.2d Bold Symbols
\pmbraise@=\dimen282
) (amsopn.sty
Package: amsopn 2021/08/26 v2.02 operator names
)
\inf@bad=\count319
LaTeX Info: Redefining \frac on input line 234.
\uproot@=\count320
\leftroot@=\count321
LaTeX Info: Redefining \overline on input line 399.
\classnum@=\count322
\DOTSCASE@=\count323
LaTeX Info: Redefining \ldots on input line 496.
LaTeX Info: Redefining \dots on input line 499.
LaTeX Info: Redefining \cdots on input line 620.
\Mathstrutbox@=\box74
\strutbox@=\box75
\big@size=\dimen283
LaTeX Font Info:    Redeclaring font encoding OML on input line 743.
LaTeX Font Info:    Redeclaring font encoding OMS on input line 744.
\macc@depth=\count324
\c@MaxMatrixCols=\count325
\dotsspace@=\muskip17
\c@parentequation=\count326
\dspbrk@lvl=\count327
\tag@help=\toks35
\row@=\count328
\column@=\count329
\maxfields@=\count330
\andhelp@=\toks36
\eqnshift@=\dimen284
\alignsep@=\dimen285
\tagshift@=\dimen286
\tagwidth@=\dimen287
\totwidth@=\dimen288
\lineht@=\dimen289
\@envbody=\toks37
\multlinegap=\skip59
\multlinetaggap=\skip60
\mathdisplay@stack=\toks38
LaTeX Info: Redefining \[ on input line 2938.
LaTeX Info: Redefining \] on input line 2939.
) (amsthm.sty
Package: amsthm 2020/05/29 v2.20.6
\thm@style=\toks39
\thm@bodyfont=\toks40
\thm@headfont=\toks41
\thm@notefont=\toks42
\thm@headpunct=\toks43
\thm@preskip=\skip61
\thm@postskip=\skip62
\thm@headsep=\skip63
\dth@everypar=\toks44
)
\c@theorem=\count331
)
(beamerbasethemes.sty)) (beamerthemedefault.sty (beamerfontthemedefault.sty)
(beamercolorthemedefault.sty) (beamerinnerthemedefault.sty
\beamer@dima=\dimen290
\beamer@dimb=\dimen291
)
(beamerouterthemedefault.sty))) (src/preamble (beamerthememetropolis.sty
Package: beamerthememetropolis 2017/01/23 v1.2 Metropolis Beamer theme

(pgfopts.sty
Package: pgfopts 2014/07/10 v2.1a LaTeX package options with pgfkeys
\pgfopts@list@add@a@toks=\toks45
\pgfopts@list@add@b@toks=\toks46
) (beamerinnerthememetropolis.sty
Package: beamerinnerthememetropolis 2017/01/23 Metropolis inner theme
 (calc.sty
Package: calc 2017/05/25 v4.3 Infix arithmetic (KKT,FJ)
\calc@Acount=\count332
\calc@Bcount=\count333
\calc@Adimen=\dimen292
\calc@Bdimen=\dimen293
\calc@Askip=\skip64
\calc@Bskip=\skip65
LaTeX Info: Redefining \setlength on input line 80.
LaTeX Info: Redefining \addtolength on input line 81.
\calc@Ccount=\count334
\calc@Cskip=\skip66
) (tikz.sty (pgf.sty
Package: pgf 2021/05/15 v3.1.9a (3.1.9a)

(pgfmoduleshapes.code.tex
File: pgfmoduleshapes.code.tex 2021/05/15 v3.1.9a (3.1.9a)
\pgfnodeparttextbox=\box76
) (pgfmoduleplot.code.tex
File: pgfmoduleplot.code.tex 2021/05/15 v3.1.9a (3.1.9a)
) (pgfcomp-version-0-65.sty
Package: pgfcomp-version-0-65 2021/05/15 v3.1.9a (3.1.9a)
\pgf@nodesepstart=\dimen294
\pgf@nodesepend=\dimen295
)
(pgfcomp-version-1-18.sty
Package: pgfcomp-version-1-18 2021/05/15 v3.1.9a (3.1.9a)
)) (pgffor.sty (pgffor.code.tex
Package: pgffor 2021/05/15 v3.1.9a (3.1.9a)
 (pgfmath.code.tex)
\pgffor@iter=\dimen296
\pgffor@skip=\dimen297
\pgffor@stack=\toks47
\pgffor@toks=\toks48
))
(tikz.code.tex
Package: tikz 2021/05/15 v3.1.9a (3.1.9a)
 (pgflibraryplothandlers.code.tex
File: pgflibraryplothandlers.code.tex 2021/05/15 v3.1.9a (3.1.9a)
\pgf@plot@mark@count=\count335
\pgfplotmarksize=\dimen298
)
\tikz@lastx=\dimen299
\tikz@lasty=\dimen300
\tikz@lastxsaved=\dimen301
\tikz@lastysaved=\dimen302
\tikz@lastmovetox=\dimen303
\tikz@lastmovetoy=\dimen304
\tikzleveldistance=\dimen305
\tikzsiblingdistance=\dimen306
\tikz@figbox=\box77
\tikz@figbox@bg=\box78
\tikz@tempbox=\box79
\tikz@tempbox@bg=\box80
\tikztreelevel=\count336
\tikznumberofchildren=\count337
\tikznumberofcurrentchild=\count338
\tikz@fig@count=\count339
 (pgfmodulematrix.code.tex
File: pgfmodulematrix.code.tex 2021/05/15 v3.1.9a (3.1.9a)
\pgfmatrixcurrentrow=\count340
\pgfmatrixcurrentcolumn=\count341
\pgf@matrix@numberofcolumns=\count342
)
\tikz@expandcount=\count343

(tikzlibrarytopaths.code.tex
File: tikzlibrarytopaths.code.tex 2021/05/15 v3.1.9a (3.1.9a)
)))
\metropolis@titleseparator@linewidth=\skip67
\metropolis@progressonsectionpage=\skip68
\metropolis@progressonsectionpage@linewidth=\skip69
\metropolis@blocksep=\skip70
\metropolis@blockadjust=\skip71
\metropolis@parskip=\skip72
) (beamerouterthememetropolis.sty
Package: beamerouterthememetropolis 2017/01/23 Metropolis outer theme
\metropolis@frametitle@padding=\skip73
\metropolis@progressinheadfoot=\skip74
\metropolis@progressinheadfoot@linewidth=\skip75
)
(beamercolorthememetropolis.sty
Package: beamercolorthememetropolis 2017/01/23 Metropolis color theme
) (beamerfontthememetropolis.sty
Package: beamerfontthememetropolis 2017/01/23 Metropolis font theme
 (ifxetex.sty
Package: ifxetex 2019/10/25 v0.7 ifxetex legacy package. Use iftex instead.
)
(ifluatex.sty
Package: ifluatex 2019/10/25 v1.5 ifluatex legacy package. Use iftex instead.
) (fontspec.sty (xparse.sty (expl3.sty
Package: expl3 2022-02-24 L3 programming layer (loader) 
 (l3backend-xetex.def
File: l3backend-xetex.def 2022-02-07 L3 backend support: XeTeX
\c__kernel_sys_dvipdfmx_version_int=\count344
\l__color_backend_stack_int=\count345
\g__color_backend_stack_int=\count346
\g__graphics_track_int=\count347
\l__pdf_internal_box=\box81
\g__pdf_backend_object_int=\count348
\g__pdf_backend_annotation_int=\count349
\g__pdf_backend_link_int=\count350
))
Package: xparse 2022-01-12 L3 Experimental document command parser
)
Package: fontspec 2022/01/15 v2.8a Font selection for XeLaTeX and LuaLaTeX

(fontspec-xetex.sty
Package: fontspec-xetex 2022/01/15 v2.8a Font selection for XeLaTeX and LuaLaTe
X
\l__fontspec_script_int=\count351
\l__fontspec_language_int=\count352
\l__fontspec_strnum_int=\count353
\l__fontspec_tmp_int=\count354
\l__fontspec_tmpa_int=\count355
\l__fontspec_tmpb_int=\count356
\l__fontspec_tmpc_int=\count357
\l__fontspec_em_int=\count358
\l__fontspec_emdef_int=\count359
\l__fontspec_strong_int=\count360
\l__fontspec_strongdef_int=\count361
\l__fontspec_tmpa_dim=\dimen307
\l__fontspec_tmpb_dim=\dimen308
\l__fontspec_tmpc_dim=\dimen309
 (fontenc.sty
Package: fontenc 2021/04/29 v2.0v Standard LaTeX package
) (fontspec.cfg)))
\c@fontsnotfound=\count362


Package beamerthememetropolis Warning: Could not find Fira Sans fonts on input 
line 95.


Package beamerthememetropolis Warning: Could not find Fira Mono fonts on input 
line 95.

))

Package fontspec Info: Could not resolve font "Apple SD Gothic Neo/I" (it
(fontspec)             probably doesn't exist).


Package fontspec Info: Font family 'AppleSDGothicNeo(0)' created for font
(fontspec)             'Apple SD Gothic Neo' with options [Ligatures=TeX].
(fontspec)              
(fontspec)              This font family consists of the following NFSS
(fontspec)             series/shapes:
(fontspec)              
(fontspec)             - 'normal' (m/n) with NFSS spec.: <->"Apple SD Gothic
(fontspec)             Neo/OT:script=latn;language=dflt;mapping=tex-text;"
(fontspec)             - 'small caps'  (m/sc) with NFSS spec.: 
(fontspec)             - 'bold' (b/n) with NFSS spec.: <->"Apple SD Gothic
(fontspec)             Neo/B/OT:script=latn;language=dflt;mapping=tex-text;"
(fontspec)             - 'bold small caps'  (b/sc) with NFSS spec.: 
(fontspec)             - 'bold italic' (b/it) with NFSS spec.: <->"Apple SD
(fontspec)             Gothic
(fontspec)             Neo/BI/OT:script=latn;language=dflt;mapping=tex-text;"
(fontspec)             - 'bold italic small caps'  (b/scit) with NFSS spec.: 


Package fontspec Info: Font family 'Menlo(0)' created for font 'Menlo' with
(fontspec)             options
(fontspec)             [WordSpace={1,0,0},HyphenChar=None,PunctuationSpace=Word
Space].
(fontspec)              
(fontspec)              This font family consists of the following NFSS
(fontspec)             series/shapes:
(fontspec)              
(fontspec)             - 'normal' (m/n) with NFSS spec.: <->"Menlo/AAT"
(fontspec)             - 'small caps'  (m/sc) with NFSS spec.: 
(fontspec)             and font adjustment code:
(fontspec)             \fontdimen 2\font =1\fontdimen 2\font \fontdimen 3\font
(fontspec)             =0\fontdimen 3\font \fontdimen 4\font =0\fontdimen
(fontspec)             4\font \fontdimen 7\font =0\fontdimen 2\font
(fontspec)             \tex_hyphenchar:D \font =-1\scan_stop: 
(fontspec)             - 'bold' (b/n) with NFSS spec.: <->"Menlo/B/AAT"
(fontspec)             - 'bold small caps'  (b/sc) with NFSS spec.: 
(fontspec)             and font adjustment code:
(fontspec)             \fontdimen 2\font =1\fontdimen 2\font \fontdimen 3\font
(fontspec)             =0\fontdimen 3\font \fontdimen 4\font =0\fontdimen
(fontspec)             4\font \fontdimen 7\font =0\fontdimen 2\font
(fontspec)             \tex_hyphenchar:D \font =-1\scan_stop: 
(fontspec)             - 'italic' (m/it) with NFSS spec.: <->"Menlo/I/AAT"
(fontspec)             - 'italic small caps'  (m/scit) with NFSS spec.: 
(fontspec)             and font adjustment code:
(fontspec)             \fontdimen 2\font =1\fontdimen 2\font \fontdimen 3\font
(fontspec)             =0\fontdimen 3\font \fontdimen 4\font =0\fontdimen
(fontspec)             4\font \fontdimen 7\font =0\fontdimen 2\font
(fontspec)             \tex_hyphenchar:D \font =-1\scan_stop: 
(fontspec)             - 'bold italic' (b/it) with NFSS spec.:
(fontspec)             <->"Menlo/BI/AAT"
(fontspec)             - 'bold italic small caps'  (b/scit) with NFSS spec.: 
(fontspec)             and font adjustment code:
(fontspec)             \fontdimen 2\font =1\fontdimen 2\font \fontdimen 3\font
(fontspec)             =0\fontdimen 3\font \fontdimen 4\font =0\fontdimen
(fontspec)             4\font \fontdimen 7\font =0\fontdimen 2\font
(fontspec)             \tex_hyphenchar:D \font =-1\scan_stop: 

 (booktabs.sty
Package: booktabs 2020/01/12 v1.61803398 Publication quality tables
\heavyrulewidth=\dimen310
\lightrulewidth=\dimen311
\cmidrulewidth=\dimen312
\belowrulesep=\dimen313
\belowbottomsep=\dimen314
\aboverulesep=\dimen315
\abovetopsep=\dimen316
\cmidrulesep=\dimen317
\cmidrulekern=\dimen318
\defaultaddspace=\dimen319
\@cmidla=\count363
\@cmidlb=\count364
\@aboverulesep=\dimen320
\@belowrulesep=\dimen321
\@thisruleclass=\count365
\@lastruleclass=\count366
\@thisrulewidth=\dimen322
) (array.sty
Package: array 2021/10/04 v2.5f Tabular extension package (FMi)
\col@sep=\dimen323
\ar@mcellbox=\box82
\extrarowheight=\dimen324
\NC@list=\toks49
\extratabsurround=\skip76
\backup@length=\skip77
\ar@cellbox=\box83
) (pgflibraryarrows.meta.code.tex
File: pgflibraryarrows.meta.code.tex 2021/05/15 v3.1.9a (3.1.9a)
\pgfarrowinset=\dimen325
\pgfarrowlength=\dimen326
\pgfarrowwidth=\dimen327
\pgfarrowlinewidth=\dimen328
)
(tikzlibrarypositioning.code.tex
File: tikzlibrarypositioning.code.tex 2021/05/15 v3.1.9a (3.1.9a)
)) (Day4_슬라이드.aux)
\openout1 = `Day4_슬라이드.aux'.

LaTeX Font Info:    Checking defaults for OML/cmm/m/it on input line 8.
LaTeX Font Info:    ... okay on input line 8.
LaTeX Font Info:    Checking defaults for OMS/cmsy/m/n on input line 8.
LaTeX Font Info:    ... okay on input line 8.
LaTeX Font Info:    Checking defaults for OT1/cmr/m/n on input line 8.
LaTeX Font Info:    ... okay on input line 8.
LaTeX Font Info:    Checking defaults for T1/cmr/m/n on input line 8.
LaTeX Font Info:    ... okay on input line 8.
LaTeX Font Info:    Checking defaults for TS1/cmr/m/n on input line 8.
LaTeX Font Info:    Trying to load font information for TS1+cmr on input line 8
.
 (ts1cmr.fd
File: ts1cmr.fd 2019/12/16 v2.5j Standard LaTeX font definitions
)
LaTeX Font Info:    ... okay on input line 8.
LaTeX Font Info:    Checking defaults for TU/lmr/m/n on input line 8.
LaTeX Font Info:    ... okay on input line 8.
LaTeX Font Info:    Checking defaults for OMX/cmex/m/n on input line 8.
LaTeX Font Info:    ... okay on input line 8.
LaTeX Font Info:    Checking defaults for U/cmr/m/n on input line 8.
LaTeX Font Info:    ... okay on input line 8.
LaTeX Font Info:    Checking defaults for PD1/pdf/m/n on input line 8.
LaTeX Font Info:    ... okay on input line 8.
LaTeX Font Info:    Checking defaults for PU/pdf/m/n on input line 8.
LaTeX Font Info:    ... okay on input line 8.

*geometry* driver: auto-detecting
*geometry* detected driver: xetex
*geometry* verbose mode - [ preamble ] result:
* driver: xetex
* paper: custom
* layout: <same size as paper>
* layoutoffset:(h,v)=(0.0pt,0.0pt)
* modes: includehead includefoot 
* h-part:(L,W,R)=(25.60747pt, 404.02914pt, 25.60747pt)
* v-part:(T,H,B)=(0.0pt, 256.0748pt, 0.0pt)
* \paperwidth=455.24408pt
* \paperheight=256.0748pt
* \textwidth=404.02914pt
* \textheight=227.62207pt
* \oddsidemargin=-46.66252pt
* \evensidemargin=-46.66252pt
* \topmargin=-72.26999pt
* \headheight=14.22636pt
* \headsep=0.0pt
* \topskip=11.0pt
* \footskip=14.22636pt
* \marginparwidth=4.0pt
* \marginparsep=10.0pt
* \columnsep=10.0pt
* \skip\footins=10.0pt plus 4.0pt minus 2.0pt
* \hoffset=0.0pt
* \voffset=0.0pt
* \mag=1000
* \@twocolumnfalse
* \@twosidefalse
* \@mparswitchfalse
* \@reversemarginfalse
* (1in=72.27pt=25.4mm, 1cm=28.453pt)

Package hyperref Info: Link coloring OFF on input line 8.
(nameref.sty
Package: nameref 2021-04-02 v2.47 Cross-referencing by name of section
 (refcount.sty
Package: refcount 2019/12/15 v3.6 Data extraction from label references (HO)
) (gettitlestring.sty
Package: gettitlestring 2019/12/15 v1.6 Cleanup title references (HO)
)
\c@section@level=\count367
)
LaTeX Info: Redefining \ref on input line 8.
LaTeX Info: Redefining \pageref on input line 8.
LaTeX Info: Redefining \nameref on input line 8.
 (Day4_슬라이드.out)
(Day4_슬라이드.out)
\@outlinefile=\write5
\openout5 = `Day4_슬라이드.out'.

LaTeX Font Info:    Overwriting symbol font `operators' in version `normal'
(Font)                  OT1/cmr/m/n --> OT1/cmss/m/n on input line 8.
LaTeX Font Info:    Overwriting symbol font `operators' in version `bold'
(Font)                  OT1/cmr/bx/n --> OT1/cmss/b/n on input line 8.
\symnumbers=\mathgroup6
\sympureletters=\mathgroup7
LaTeX Font Info:    Overwriting math alphabet `\mathrm' in version `normal'
(Font)                  OT1/cmss/m/n --> TU/AppleSDGothicNeo(0)/m/n on input li
ne 8.
LaTeX Font Info:    Redeclaring math alphabet \mathbf on input line 8.
LaTeX Font Info:    Overwriting math alphabet `\mathbf' in version `normal'
(Font)                  OT1/cmr/bx/n --> TU/AppleSDGothicNeo(0)/b/n on input li
ne 8.
LaTeX Font Info:    Overwriting math alphabet `\mathbf' in version `bold'
(Font)                  OT1/cmr/bx/n --> TU/AppleSDGothicNeo(0)/b/n on input li
ne 8.
LaTeX Font Info:    Redeclaring math alphabet \mathsf on input line 8.
LaTeX Font Info:    Overwriting math alphabet `\mathsf' in version `normal'
(Font)                  OT1/cmss/m/n --> TU/AppleSDGothicNeo(0)/m/n on input li
ne 8.
LaTeX Font Info:    Overwriting math alphabet `\mathsf' in version `bold'
(Font)                  OT1/cmss/bx/n --> TU/AppleSDGothicNeo(0)/m/n on input l
ine 8.
LaTeX Font Info:    Redeclaring math alphabet \mathit on input line 8.
LaTeX Font Info:    Overwriting math alphabet `\mathit' in version `normal'
(Font)                  OT1/cmr/m/it --> TU/AppleSDGothicNeo(0)/m/it on input l
ine 8.
LaTeX Font Info:    Overwriting math alphabet `\mathit' in version `bold'
(Font)                  OT1/cmr/bx/it --> TU/AppleSDGothicNeo(0)/m/it on input 
line 8.
LaTeX Font Info:    Redeclaring math alphabet \mathtt on input line 8.
LaTeX Font Info:    Overwriting math alphabet `\mathtt' in version `normal'
(Font)                  OT1/cmtt/m/n --> TU/Menlo(0)/m/n on input line 8.
LaTeX Font Info:    Overwriting math alphabet `\mathtt' in version `bold'
(Font)                  OT1/cmtt/m/n --> TU/Menlo(0)/m/n on input line 8.
LaTeX Font Info:    Overwriting symbol font `numbers' in version `bold'
(Font)                  TU/AppleSDGothicNeo(0)/m/n --> TU/AppleSDGothicNeo(0)/b
/n on input line 8.
LaTeX Font Info:    Overwriting symbol font `pureletters' in version `bold'
(Font)                  TU/AppleSDGothicNeo(0)/m/it --> TU/AppleSDGothicNeo(0)/
b/it on input line 8.
LaTeX Font Info:    Overwriting math alphabet `\mathrm' in version `bold'
(Font)                  OT1/cmss/b/n --> TU/AppleSDGothicNeo(0)/b/n on input li
ne 8.
LaTeX Font Info:    Overwriting math alphabet `\mathbf' in version `bold'
(Font)                  TU/AppleSDGothicNeo(0)/b/n --> TU/AppleSDGothicNeo(0)/b
/n on input line 8.
LaTeX Font Info:    Overwriting math alphabet `\mathsf' in version `bold'
(Font)                  TU/AppleSDGothicNeo(0)/m/n --> TU/AppleSDGothicNeo(0)/b
/n on input line 8.
LaTeX Font Info:    Overwriting math alphabet `\mathit' in version `bold'
(Font)                  TU/AppleSDGothicNeo(0)/m/it --> TU/AppleSDGothicNeo(0)/
b/it on input line 8.
LaTeX Font Info:    Overwriting math alphabet `\mathtt' in version `bold'
(Font)                  TU/Menlo(0)/m/n --> TU/Menlo(0)/b/n on input line 8.
 (translator-basic-dictionary-English.dict
Dictionary: translator-basic-dictionary, Language: English 
)
(translator-bibliography-dictionary-English.dict
Dictionary: translator-bibliography-dictionary, Language: English 
)
(translator-environment-dictionary-English.dict
Dictionary: translator-environment-dictionary, Language: English 
)
(translator-months-dictionary-English.dict
Dictionary: translator-months-dictionary, Language: English 
)
(translator-numbers-dictionary-English.dict
Dictionary: translator-numbers-dictionary, Language: English 
)
(translator-theorem-dictionary-English.dict
Dictionary: translator-theorem-dictionary, Language: English 
) (Day4_슬라이드.nav)
Overfull \vbox (15.63992pt too high) detected at line 11
 []

[1

] (Day4_슬라이드_body
LaTeX Font Info:    Trying to load font information for U+msa on input line 30.

 (umsa.fd
File: umsa.fd 2013/01/14 v3.01 AMS symbols A
)
LaTeX Font Info:    Trying to load font information for U+msb on input line 30.

 (umsb.fd
File: umsb.fd 2013/01/14 v3.01 AMS symbols B
)

LaTeX Font Warning: Font shape `TU/AppleSDGothicNeo(0)/m/it' undefined
(Font)              using `TU/AppleSDGothicNeo(0)/m/n' instead on input line 30
.

[2

] [3

] [4

]

Package fontspec Warning: OpenType feature 'Numbers=Monospaced' (tnum) not
(fontspec)                available for font 'Apple SD Gothic Neo' with script
(fontspec)                'CustomDefault' and language 'Default'.


Package fontspec Info: Could not resolve font "Apple SD Gothic Neo/I" (it
(fontspec)             probably doesn't exist).


Package fontspec Warning: OpenType feature 'Numbers=Monospaced' (tnum) not
(fontspec)                available for font 'Apple SD Gothic Neo' with script
(fontspec)                'CustomDefault' and language 'Default'.


Package fontspec Warning: OpenType feature 'Numbers=Monospaced' (tnum) not
(fontspec)                available for font 'Apple SD Gothic Neo/B' with
(fontspec)                script 'CustomDefault' and language 'Default'.


Package fontspec Warning: OpenType feature 'Numbers=Monospaced' (tnum) not
(fontspec)                available for font 'Apple SD Gothic Neo/BI' with
(fontspec)                script 'CustomDefault' and language 'Default'.


Package fontspec Info: Font family 'AppleSDGothicNeo(1)' created for font
(fontspec)             'Apple SD Gothic Neo' with options
(fontspec)             [Ligatures=TeX,Numbers={Monospaced}].
(fontspec)              
(fontspec)              This font family consists of the following NFSS
(fontspec)             series/shapes:
(fontspec)              
(fontspec)             - 'normal' (m/n) with NFSS spec.: <->"Apple SD Gothic
(fontspec)             Neo/OT:script=latn;language=dflt;mapping=tex-text;"
(fontspec)             - 'small caps'  (m/sc) with NFSS spec.: 
(fontspec)             - 'bold' (b/n) with NFSS spec.: <->"Apple SD Gothic
(fontspec)             Neo/B/OT:script=latn;language=dflt;mapping=tex-text;"
(fontspec)             - 'bold small caps'  (b/sc) with NFSS spec.: 
(fontspec)             - 'bold italic' (b/it) with NFSS spec.: <->"Apple SD
(fontspec)             Gothic
(fontspec)             Neo/BI/OT:script=latn;language=dflt;mapping=tex-text;"
(fontspec)             - 'bold italic small caps'  (b/scit) with NFSS spec.: 

[5

] [6

] [7

]
File: ../그림/PM_Day4/fig_1_1_three_clocks.pdf Graphic file (type pdf)
<use ../그림/PM_Day4/fig_1_1_three_clocks.pdf>

Overfull \vbox (1.54782pt too high) detected at line 117
 []

[8

]
File: ../그림/PM_Day4/fig_1_2_prince2_closing.pdf Graphic file (type pdf)
<use ../그림/PM_Day4/fig_1_2_prince2_closing.pdf>
 [9

] [10

]

Package fontspec Warning: OpenType feature 'Numbers=Monospaced' (tnum) not
(fontspec)                available for font 'Apple SD Gothic Neo' with script
(fontspec)                'CustomDefault' and language 'Default'.

[11

] [12

]
File: ../그림/PM_Day4/fig_2_1_runbook_timeline.pdf Graphic file (type pdf)
<use ../그림/PM_Day4/fig_2_1_runbook_timeline.pdf>
 [13

]

Package fontspec Warning: OpenType feature 'Numbers=Monospaced' (tnum) not
(fontspec)                available for font 'Apple SD Gothic Neo' with script
(fontspec)                'CustomDefault' and language 'Default'.

[14

]
File: ../그림/PM_Day4/fig_2_2_reversal_cost.pdf Graphic file (type pdf)
<use ../그림/PM_Day4/fig_2_2_reversal_cost.pdf>
 [15

]

Package fontspec Warning: OpenType feature 'Numbers=Monospaced' (tnum) not
(fontspec)                available for font 'Apple SD Gothic Neo' with script
(fontspec)                'CustomDefault' and language 'Default'.

[16

]
File: ../그림/PM_Day4/fig_2_4_rehearsals.pdf Graphic file (type pdf)
<use ../그림/PM_Day4/fig_2_4_rehearsals.pdf>
 [17

] [18

] [19

] [20

]
File: ../그림/PM_Day4/fig_3_1_itil_vocab.pdf Graphic file (type pdf)
<use ../그림/PM_Day4/fig_3_1_itil_vocab.pdf>

Overfull \vbox (1.31563pt too high) detected at line 246
 []

[21

] [22

]
File: ../그림/PM_Day4/fig_3_2_sac_progress.pdf Graphic file (type pdf)
<use ../그림/PM_Day4/fig_3_2_sac_progress.pdf>
 [23

]
File: ../그림/PM_Day4/fig_3_3_els_curves.pdf Graphic file (type pdf)
<use ../그림/PM_Day4/fig_3_3_els_curves.pdf>

Overfull \vbox (1.32805pt too high) detected at line 272
 []

[24

]

Package fontspec Warning: OpenType feature 'Numbers=Monospaced' (tnum) not
(fontspec)                available for font 'Apple SD Gothic Neo' with script
(fontspec)                'CustomDefault' and language 'Default'.

[25

]
File: ../그림/PM_Day4/fig_3_4_sla_chain.pdf Graphic file (type pdf)
<use ../그림/PM_Day4/fig_3_4_sla_chain.pdf>
 [26

] [27

]
File: ../그림/PM_Day4/fig_3_5_error_budget.pdf Graphic file (type pdf)
<use ../그림/PM_Day4/fig_3_5_error_budget.pdf>


Package fontspec Warning: OpenType feature 'Numbers=Monospaced' (tnum) not
(fontspec)                available for font 'Apple SD Gothic Neo' with script
(fontspec)                'CustomDefault' and language 'Default'.


Class beamer Warning: Frame text is shrunk by a factor of 8.19855 percent inste
ad of 8 percent on input line 319.

[28

]

Package fontspec Warning: OpenType feature 'Numbers=Monospaced' (tnum) not
(fontspec)                available for font 'Apple SD Gothic Neo' with script
(fontspec)                'CustomDefault' and language 'Default'.

[29

]
File: ../그림/PM_Day4/fig_3_6_privacy_timeline.pdf Graphic file (type pdf)
<use ../그림/PM_Day4/fig_3_6_privacy_timeline.pdf>
 [30

]

Package fontspec Warning: OpenType feature 'Numbers=Monospaced' (tnum) not
(fontspec)                available for font 'Apple SD Gothic Neo' with script
(fontspec)                'CustomDefault' and language 'Default'.

[31

]
File: ../그림/PM_Day4/fig_2_6_license_chain.pdf Graphic file (type pdf)
<use ../그림/PM_Day4/fig_2_6_license_chain.pdf>
 [32

] [33

] [34

] [35

]

Package fontspec Warning: OpenType feature 'Numbers=Monospaced' (tnum) not
(fontspec)                available for font 'Apple SD Gothic Neo' with script
(fontspec)                'CustomDefault' and language 'Default'.

[36

]

Package fontspec Warning: OpenType feature 'Numbers=Monospaced' (tnum) not
(fontspec)                available for font 'Apple SD Gothic Neo' with script
(fontspec)                'CustomDefault' and language 'Default'.

[37

]
File: ../그림/PM_Day4/fig_4_1_three_layers_final.pdf Graphic file (type pdf)
<use ../그림/PM_Day4/fig_4_1_three_layers_final.pdf>
 [38

] [39

]

Package fontspec Warning: OpenType feature 'Numbers=Monospaced' (tnum) not
(fontspec)                available for font 'Apple SD Gothic Neo' with script
(fontspec)                'CustomDefault' and language 'Default'.

[40

] [41

] [42

]

Package fontspec Warning: OpenType feature 'Numbers=Monospaced' (tnum) not
(fontspec)                available for font 'Apple SD Gothic Neo' with script
(fontspec)                'CustomDefault' and language 'Default'.

[43

]
File: ../그림/PM_Day4/fig_4_4_followon_map.pdf Graphic file (type pdf)
<use ../그림/PM_Day4/fig_4_4_followon_map.pdf>
 [44

] [45

]

Package fontspec Warning: OpenType feature 'Numbers=Monospaced' (tnum) not
(fontspec)                available for font 'Apple SD Gothic Neo' with script
(fontspec)                'CustomDefault' and language 'Default'.

[46

] [47

] [48

] [49

] [50

] [51

]
File: ../그림/PM_Day4/fig_2_2_reversal_cost.pdf Graphic file (type pdf)
<use ../그림/PM_Day4/fig_2_2_reversal_cost.pdf>

Overfull \vbox (1.3142pt too high) detected at line 618
 []

[52

]
File: ../그림/PM_Day4/fig_3_2_sac_progress.pdf Graphic file (type pdf)
<use ../그림/PM_Day4/fig_3_2_sac_progress.pdf>

Overfull \vbox (1.32858pt too high) detected at line 625
 []

[53

]
File: ../그림/PM_Day4/fig_3_4_sla_chain.pdf Graphic file (type pdf)
<use ../그림/PM_Day4/fig_3_4_sla_chain.pdf>

Overfull \vbox (1.32281pt too high) detected at line 632
 []

[54

]

Package fontspec Warning: OpenType feature 'Numbers=Monospaced' (tnum) not
(fontspec)                available for font 'Apple SD Gothic Neo' with script
(fontspec)                'CustomDefault' and language 'Default'.

[55

] [56

] [57

] [58

] [59

] [60

]
File: ../그림/PM_Day4/fig_5_1_syllk.pdf Graphic file (type pdf)
<use ../그림/PM_Day4/fig_5_1_syllk.pdf>
 [61

]

Package fontspec Warning: OpenType feature 'Numbers=Monospaced' (tnum) not
(fontspec)                available for font 'Apple SD Gothic Neo' with script
(fontspec)                'CustomDefault' and language 'Default'.

[62

]

Package fontspec Warning: OpenType feature 'Numbers=Monospaced' (tnum) not
(fontspec)                available for font 'Apple SD Gothic Neo' with script
(fontspec)                'CustomDefault' and language 'Default'.

[63

]

Package fontspec Warning: OpenType feature 'Numbers=Monospaced' (tnum) not
(fontspec)                available for font 'Apple SD Gothic Neo' with script
(fontspec)                'CustomDefault' and language 'Default'.

[64

]
File: ../그림/PM_Day4/fig_5_2_ito_ledger.pdf Graphic file (type pdf)
<use ../그림/PM_Day4/fig_5_2_ito_ledger.pdf>
 [65

]

Package fontspec Warning: OpenType feature 'Numbers=Monospaced' (tnum) not
(fontspec)                available for font 'Apple SD Gothic Neo' with script
(fontspec)                'CustomDefault' and language 'Default'.

[66

]
File: ../그림/PM_Day4/fig_5_3_denominator.pdf Graphic file (type pdf)
<use ../그림/PM_Day4/fig_5_3_denominator.pdf>
 [67

] [68

]
File: ../그림/PM_Day4/fig_5_4_breakeven_clocks.pdf Graphic file (type pdf)
<use ../그림/PM_Day4/fig_5_4_breakeven_clocks.pdf>
 [69

]

Package fontspec Warning: OpenType feature 'Numbers=Monospaced' (tnum) not
(fontspec)                available for font 'Apple SD Gothic Neo' with script
(fontspec)                'CustomDefault' and language 'Default'.

[70

]

Package fontspec Warning: OpenType feature 'Numbers=Monospaced' (tnum) not
(fontspec)                available for font 'Apple SD Gothic Neo' with script
(fontspec)                'CustomDefault' and language 'Default'.

[71

] [72

] [73

] [74

] [75

]
File: ../그림/PM_Day4/fig_4_4_followon_map.pdf Graphic file (type pdf)
<use ../그림/PM_Day4/fig_4_4_followon_map.pdf>
 [76

] [77

]
File: ../그림/PM_Day4/fig_5_1_syllk.pdf Graphic file (type pdf)
<use ../그림/PM_Day4/fig_5_1_syllk.pdf>
 [78

] [79

]
File: ../그림/PM_Day4/fig_5_2_ito_ledger.pdf Graphic file (type pdf)
<use ../그림/PM_Day4/fig_5_2_ito_ledger.pdf>
 [80

]

Package fontspec Warning: OpenType feature 'Numbers=Monospaced' (tnum) not
(fontspec)                available for font 'Apple SD Gothic Neo' with script
(fontspec)                'CustomDefault' and language 'Default'.

[81

]
File: ../그림/PM_Day4/fig_5_3_denominator.pdf Graphic file (type pdf)
<use ../그림/PM_Day4/fig_5_3_denominator.pdf>
 [82

] [83

] [84

] [85

] [86

]

Package fontspec Warning: OpenType feature 'Numbers=Monospaced' (tnum) not
(fontspec)                available for font 'Apple SD Gothic Neo' with script
(fontspec)                'CustomDefault' and language 'Default'.

[87

]

Package fontspec Warning: OpenType feature 'Numbers=Monospaced' (tnum) not
(fontspec)                available for font 'Apple SD Gothic Neo' with script
(fontspec)                'CustomDefault' and language 'Default'.

[88

]

Package fontspec Warning: OpenType feature 'Numbers=Monospaced' (tnum) not
(fontspec)                available for font 'Apple SD Gothic Neo' with script
(fontspec)                'CustomDefault' and language 'Default'.

[89

]
File: ../그림/PM_Day4/fig_6_1_twenty_chain.pdf Graphic file (type pdf)
<use ../그림/PM_Day4/fig_6_1_twenty_chain.pdf>
 [90

]

Package fontspec Warning: OpenType feature 'Numbers=Monospaced' (tnum) not
(fontspec)                available for font 'Apple SD Gothic Neo' with script
(fontspec)                'CustomDefault' and language 'Default'.

[91

]

Package fontspec Warning: OpenType feature 'Numbers=Monospaced' (tnum) not
(fontspec)                available for font 'Apple SD Gothic Neo' with script
(fontspec)                'CustomDefault' and language 'Default'.

[92

] [93

]

Package fontspec Warning: OpenType feature 'Numbers=Monospaced' (tnum) not
(fontspec)                available for font 'Apple SD Gothic Neo' with script
(fontspec)                'CustomDefault' and language 'Default'.

[94

] [95

])
\tf@nav=\write6
\openout6 = `Day4_슬라이드.nav'.

\tf@toc=\write7
\openout7 = `Day4_슬라이드.toc'.

\tf@snm=\write8
\openout8 = `Day4_슬라이드.snm'.

 (Day4_슬라이드.aux)

LaTeX Font Warning: Some font shapes were not available, defaults substituted.

Package rerunfilecheck Info: File `Day4_슬라이드.out' has not changed.
(rerunfilecheck)             Checksum: CA46F6B1C61100EFB20B0B6F1FB1EF6C;2254.
 )
Output written on Day4_슬라이드.xdv (95 pages, 742752 bytes).
